[debug] [2025-04-29T05:14:32.388Z] ----------------------------------------------------------------------
[debug] [2025-04-29T05:14:32.399Z] Command:       C:\Program Files\nodejs\node.exe C:\Users\admin\AppData\Roaming\npm\node_modules\firebase-tools\lib\bin\firebase.js deploy
[debug] [2025-04-29T05:14:32.401Z] CLI Version:   14.1.0
[debug] [2025-04-29T05:14:32.402Z] Platform:      win32
[debug] [2025-04-29T05:14:32.402Z] Node Version:  v22.14.0
[debug] [2025-04-29T05:14:32.403Z] Time:          Tue Apr 29 2025 10:44:32 GMT+0530 (India Standard Time)
[debug] [2025-04-29T05:14:32.404Z] ----------------------------------------------------------------------
[debug] 
[debug] [2025-04-29T05:14:32.419Z] >>> [apiv2][query] GET https://firebase-public.firebaseio.com/cli.json [none]
[debug] [2025-04-29T05:14:33.415Z] > command requires scopes: ["email","openid","https://www.googleapis.com/auth/cloudplatformprojects.readonly","https://www.googleapis.com/auth/firebase","https://www.googleapis.com/auth/cloud-platform"]
[debug] [2025-04-29T05:14:33.417Z] > authorizing via signed-in user (textileproject73@gmail.com)
[debug] [2025-04-29T05:14:33.417Z] [iam] checking project algo-textiles for permissions ["firebase.projects.get","firebasehosting.sites.update"]
[debug] [2025-04-29T05:14:33.421Z] Checked if tokens are valid: false, expires at: 1745476158294
[debug] [2025-04-29T05:14:33.421Z] Checked if tokens are valid: false, expires at: 1745476158294
[debug] [2025-04-29T05:14:33.422Z] > refreshing access token with scopes: []
[debug] [2025-04-29T05:14:33.426Z] >>> [apiv2][query] POST https://www.googleapis.com/oauth2/v3/token [none]
[debug] [2025-04-29T05:14:33.426Z] >>> [apiv2][body] POST https://www.googleapis.com/oauth2/v3/token [omitted]
[debug] [2025-04-29T05:14:34.153Z] <<< [apiv2][status] POST https://www.googleapis.com/oauth2/v3/token 200
[debug] [2025-04-29T05:14:34.154Z] <<< [apiv2][body] POST https://www.googleapis.com/oauth2/v3/token [omitted]
[debug] [2025-04-29T05:14:34.208Z] >>> [apiv2][query] POST https://cloudresourcemanager.googleapis.com/v1/projects/algo-textiles:testIamPermissions [none]
[debug] [2025-04-29T05:14:34.208Z] >>> [apiv2][(partial)header] POST https://cloudresourcemanager.googleapis.com/v1/projects/algo-textiles:testIamPermissions x-goog-quota-user=projects/algo-textiles
[debug] [2025-04-29T05:14:34.209Z] >>> [apiv2][body] POST https://cloudresourcemanager.googleapis.com/v1/projects/algo-textiles:testIamPermissions {"permissions":["firebase.projects.get","firebasehosting.sites.update"]}
[debug] [2025-04-29T05:14:34.375Z] <<< [apiv2][status] GET https://firebase-public.firebaseio.com/cli.json 200
[debug] [2025-04-29T05:14:34.375Z] <<< [apiv2][body] GET https://firebase-public.firebaseio.com/cli.json {"cloudBuildErrorAfter":1594252800000,"cloudBuildWarnAfter":1590019200000,"defaultNode10After":1594252800000,"minVersion":"3.0.5","node8DeploysDisabledAfter":1613390400000,"node8RuntimeDisabledAfter":1615809600000,"node8WarnAfter":1600128000000}
[debug] [2025-04-29T05:14:36.462Z] <<< [apiv2][status] POST https://cloudresourcemanager.googleapis.com/v1/projects/algo-textiles:testIamPermissions 200
[debug] [2025-04-29T05:14:36.462Z] <<< [apiv2][body] POST https://cloudresourcemanager.googleapis.com/v1/projects/algo-textiles:testIamPermissions {"permissions":["firebase.projects.get","firebasehosting.sites.update"]}
[debug] [2025-04-29T05:14:36.465Z] Checked if tokens are valid: true, expires at: 1745907273155
[debug] [2025-04-29T05:14:36.465Z] Checked if tokens are valid: true, expires at: 1745907273155
[debug] [2025-04-29T05:14:36.466Z] >>> [apiv2][query] GET https://firebase.googleapis.com/v1beta1/projects/algo-textiles [none]
[debug] [2025-04-29T05:14:37.780Z] <<< [apiv2][status] GET https://firebase.googleapis.com/v1beta1/projects/algo-textiles 200
[debug] [2025-04-29T05:14:37.781Z] <<< [apiv2][body] GET https://firebase.googleapis.com/v1beta1/projects/algo-textiles {"projectId":"algo-textiles","projectNumber":"223849227491","displayName":"Algo Textiles","name":"projects/algo-textiles","resources":{"hostingSite":"algo-textiles","realtimeDatabaseInstance":"algo-textiles-default-rtdb"},"state":"ACTIVE","etag":"1_0dfdf148-9691-4d96-acfe-b9f6fb017175"}
[info] 
[info] === Deploying to 'algo-textiles'...
[info] 
[info] i  deploying hosting 
[debug] [2025-04-29T05:14:37.805Z] Checked if tokens are valid: true, expires at: 1745907273155
[debug] [2025-04-29T05:14:37.806Z] Checked if tokens are valid: true, expires at: 1745907273155
[debug] [2025-04-29T05:14:37.807Z] >>> [apiv2][query] POST https://firebasehosting.googleapis.com/v1beta1/projects/-/sites/algo-textiles/versions [none]
[debug] [2025-04-29T05:14:37.808Z] >>> [apiv2][body] POST https://firebasehosting.googleapis.com/v1beta1/projects/-/sites/algo-textiles/versions {"status":"CREATED","labels":{"deployment-tool":"cli-firebase"}}
[debug] [2025-04-29T05:14:39.673Z] <<< [apiv2][status] POST https://firebasehosting.googleapis.com/v1beta1/projects/-/sites/algo-textiles/versions 200
[debug] [2025-04-29T05:14:39.674Z] <<< [apiv2][body] POST https://firebasehosting.googleapis.com/v1beta1/projects/-/sites/algo-textiles/versions {"name":"projects/223849227491/sites/algo-textiles/versions/1b9acfc1d0dd6424","status":"CREATED","config":{},"labels":{"deployment-tool":"cli-firebase"}}
[info] i  hosting[algo-textiles]: beginning deploy... 
[info] i  hosting[algo-textiles]: found 177 files in dist 
[debug] [2025-04-29T05:14:39.844Z] [hosting] uploading with 200 concurrency
[debug] [2025-04-29T05:14:40.883Z] Checked if tokens are valid: true, expires at: 1745907273155
[debug] [2025-04-29T05:14:40.884Z] Checked if tokens are valid: true, expires at: 1745907273155
[debug] [2025-04-29T05:14:40.894Z] [hosting] hash cache [ZGlzdA] stored for 177 files
[debug] [2025-04-29T05:14:40.895Z] [hosting][hash queue][FINAL] {"max":927,"min":0,"avg":111.76678977995783,"active":0,"complete":177,"success":177,"errored":0,"retried":0,"total":177,"elapsed":1039}
[debug] [2025-04-29T05:14:40.897Z] >>> [apiv2][query] POST https://firebasehosting.googleapis.com/v1beta1/projects/223849227491/sites/algo-textiles/versions/1b9acfc1d0dd6424:populateFiles [none]
[debug] [2025-04-29T05:14:40.897Z] >>> [apiv2][body] POST https://firebasehosting.googleapis.com/v1beta1/projects/223849227491/sites/algo-textiles/versions/1b9acfc1d0dd6424:populateFiles {"files":{"/pexels-photo-1362724.jpeg":"1b26968f7040ed18e8a74e653180ce7cc07e3f4c7db2f62d77be64cda604cc1e\r","/manifest.json":"abb1a16d4998ee710d80936a1aca9628ca72ce78236dcfe117ee5ef725b697b6\r","/male2.jpg":"5f3bf656bbbf632c50f7bbc86a445467d1a0f1e919f03d3c837a46cb49bb1579\r","/male1.jpg":"677998697727512843731ac6e9dc62916c70bcdd1f706bd10e667687b997e9dd\r","/images.jpg":"1fe5f500d400acf60e7a398ead8d3c0af187b6413a4ee5c1bb7f121e9eb62cdc\r","/images (1).jpg":"412e8b4c66009e627fd4151cebdc9dc3ad977f3829baef1ad7783eaa20be238f\r","/female6.webp":"d142f86bad2f06e8c551d3e18ac34ce9542eb4b3efc10cde4e14464cd4756d13\r","/female5.avif":"cc0bd84d79c2bbb9211b5ac6c43d067999b64bc45c9880dac938edc2c7d7f3b9\r","/female4.jpeg":"6822896a0dbe10e90706bea42a8162f00903fc38e31df74f065aeeb129894566\r","/female3.jpg":"2bee4279d0fd81581d56dc8de98472c0b01af45c9512d1326df00bbb437f2673\r","/female1.avif":"b2c8616233c70252b44baf567b45163062399366a0bf902dcd65687e751a5ea9\r","/femal2.jpg":"427cc81a0d4a544e19ada903f77d2d9ff061fc2cd4a78968714b8b1b2a62872b\r","/favicon.png":"1da1aecb40e0a38e4d9dfe33234e0c8b6bf9f183aaebc9ec6a3a2e444e30b426\r","/f4668865a96f5c1eebbd56bc03b27a85.jpg":"644cb3a4d9117c571504d422adf53bd8f9e72f32b9d309b14cb00ece8f3941f4\r","/dress2.jpg":"a0ac7a6b5ee18bbb9596465a7ba2d490d27a78557d82cd5b642a521911d71564\r","/dress1.jpg":"ebb35eb8cb0a53cb94e1a4260dee841d62e4db210819f8d280eb662d90bbd7d8\r","/d82b45965f793cf642929574e07ba833.jpg":"35bb0baeb5d65578bbb678df24afb0e76f800ca59f20fec4835f87f0bd5f13f4\r","/59e8271478eef822188c82203d8cfa80.jpg":"7c09e9b651508e638aa6c9d8f3cfcf03d7b8246d63ab764bc88c856309532606\r","/3095918d11396a462f6d5e9a4460a62a.jpg":"c36228d67cef54797ff8cd1ad5835703a63d7ec7f4374130569e6db5fc783066\r","/3.webp":"c90e263e2c31b3099e827a6f561c8e0660b4c26ccda469b95c2f513700481eab\r","/2.webp":"a69d01646ce1069867fdbea6fe41b7b33bdd70d8bbc4eaae964f136f466adecc\r","/1921b9ccc93dfd83e5c181facae4fbbc.jpg":"924aab4333c993a77892e4274997b4e31af9d78583f11a2ec60d551b6442b0c6\r","/10fbbb_bbac4d260fd045e59fe130d7eccf0642~mv2.avif":"56c832f6139ee391a69516772b72bc408fe60a479f0ac346af05b71a334ec76b\r","/1.jpeg":"02a8867d500dcf1581fecc172df16f6395dd41085f44c05ef7fdac3a3b621f7c\r","/assets/_Shirt colors according to skintone____.jpg":"3cba64bd1b6a4c44a5429589c92bd3130cbfa723a07c789915472ea5fd2544ca\r","/assets/WhatsApp Image 2025-04-17 at 12.48.56 PM.jpeg":"83ba045958042ad269b7597b73c28da65d5ddb20fb6aa2661e475b82462ab268\r","/assets/logo9.png":"04f7ae42514715ef5a738531a345cc84229f20dee3a5bfda8961831d8460d810\r","/assets/logo.png":"479e466049f9e3b448fc38c79d210d5012576b805fb0fa918c796d9e6d4d85a5\r","/assets/How to Dress For Your Skin Tone Infographic - Hero and Villain Style.jpg":"ea6f44a022215174e24c2a24b2f7a554df23f91e48efd58aa83f7144f1aa493e\r","/assets/flirting-young-sexy-woman.jpg":"9236dc29348ce72d6779f66193bd165b52be417b900a9cf32af62f3eabfacbbf\r","/assets/download (3).jpg":"fadf04f6d2ddc8613d8f2ea95bfda923df9ac715b4b459f2c3667b216c2971e2\r","/assets/Suggestions/9.png":"69a781abc144e950bb5229cd2075edb8eeb5d50c31bb990ce998bad04c3ee301\r","/assets/Suggestions/8.png":"d134be094652b2dba6642115f79f8e18589a7bbdfe64dbeb924991c75e0c4ee3\r","/assets/Suggestions/7.png":"fc54ceb9fc955da0f303a59a9c3fbf19c3927ea9a7ef8d77bac302445adaf208\r","/assets/Suggestions/6.png":"b156b984be26a42d08f69e26c2b34d7d60aca182831213981fe98b0025baec5f\r","/assets/Suggestions/5.png":"999821fab5f7d0bd687ba2503adcbba3988889914ad8bfbb293d0c3d1d44f17d\r","/assets/Suggestions/41.png":"0b7efaffd20327a60a3c775b562d3e96653216f9cb9c71b23937d1190600d34a\r","/assets/Suggestions/40.png":"21e69991a09aabcafd042b8833363f07806d1b870a86d82843548c1ae2e5e034\r","/assets/Suggestions/4.png":"0f22c27e9d0fda344e326034d77595bd1a5ecfd208d7176225a23ff0a23689ab\r","/assets/Suggestions/39.png":"423f2af1998e738c6718dd8fa44e6e46135ea57e0a143e3055ba519a1ce8c3b6\r","/assets/Suggestions/38.png":"9043c1531019cbade27bc4cc80977e1b6213fe2c4ed914ed35c2f90f232ec975\r","/assets/Suggestions/37.png":"898eff1a170df7ac28bb5ebcafcd0d65f444894f7613ab5a7bfe9fc6eb9a198b\r","/assets/Suggestions/36.png":"4fa9b6c4649dd67b2713184be80e630e758314089bbacdd2807547af8b5a07a2\r","/assets/Suggestions/35.png":"45a7d42ea15012774f578135af5e5c9fc53113db7a773379b258b7d58342a7c9\r","/assets/Suggestions/34.png":"feea545e95d9f002c5c6cded6d55288c98a67cb05f299d8a8f099aa6e209b322\r","/assets/Suggestions/33.png":"a3e25aec48054fbb32edca582efe3ddd201dedb06f36abf6f9c8e3cebe024467\r","/assets/Suggestions/32.png":"71c86c8508acc38e8f6cabb141c1793302abe97230639ad9c334fce716d623ef\r","/assets/Suggestions/31.png":"c3e1072f02b7180ed04fdf7bc96e4873bb22e3da75b70307788db5f6c3966760\r","/assets/Suggestions/30.png":"245f1c2d98e8beff57474cda64df307743442eda15b1386615ab57388c04f6ab\r","/assets/Suggestions/3.png":"9a82e34226399267fe7dcca09f087d30e9f2b776a4922a749725ab00c2b491df\r","/assets/Suggestions/29.png":"594903937ba1ab406d45e3fea2e380c1e0785ae0f6e3c31e361b969d58c2ac70\r","/assets/Suggestions/28.png":"ed2a9db737e838dc6b9f7166198ecf18481af85f2391c19651c711218821d002\r","/assets/Suggestions/27.png":"8937a206f3250e980a46eacdd1f6337cd6bf3ce9179b07cac50e04d38845df41\r","/assets/Suggestions/26.png":"80f35df4a8e352916f66b1d4993c20d3a6830904f1132f408dab56efac909e91\r","/assets/Suggestions/25.png":"eeab2520e00e18d56c7f77d6c6d93cc3931ab06113032aedc552beb8f225b8d5\r","/assets/Suggestions/24.png":"187f70db432f81d0764217d016d3631c4277208d7a1f65bc259451f4110f0aad\r","/assets/Suggestions/23.png":"075e9c951a4e0bd408fdfc304529f0ff5733c9116b05345d821dac6acfad53cd\r","/assets/Suggestions/22.png":"2c57cd60a8f71f50f9014ccd57347654d8b9779c247438dc1944475de36fe1a1\r","/assets/Suggestions/21.png":"4a5693f56d30967d02c4706f88ea3fc09b8ac795a274feeadefa1210f22b46fc\r","/assets/Suggestions/20.png":"2b226817029baf28ad0681c87474de42e31beddfea0bf29382bc476dfa451128\r","/assets/Suggestions/2.png":"55522776a5afac1ec2ae729f21974a7c76bf8b9eb71ce0fda57554b37173ed16\r","/assets/Suggestions/19.png":"4c21b3e4ea341b76b0bddba300b6f68b54b420fb72687132f63396eb3d0909b2\r","/assets/Suggestions/18.png":"4b3a8972a142381aac4cba94058fe220a98d150535ffe9fb266c5e6679bcfb1a\r","/assets/Suggestions/17.png":"3ea08007c573345b0e86fed108854d8b1c65840ead45f0eb7457da363ba6c7c4\r","/assets/Suggestions/16.png":"5cae744073c55a3862ac66a86d37f6bfdc5204f3d07f578ae692e6a02cbbb520\r","/assets/Suggestions/15.png":"f9198c42e4000075e444e7859b0434676b4e305f818d008aef61cef5cd61c64e\r","/assets/Suggestions/14.png":"436775e765b538c8d70371be01ebbc191838d2fd4ada5823dd89ff7d1787ff24\r","/assets/Suggestions/13.png":"63354137af7daf9f180de68225fee7675cb87203a03cbd10d7944a61faffe42b\r","/assets/Suggestions/12.png":"0de7bfac7e6ab26bd3df2b0592b1c8e4cda1f483bff65ddf818c5da600c270d8\r","/assets/Suggestions/11.png":"8a099ca75fe2fcb415b9c69b9651ff0391af0365313893e614ab5e625943a36d\r","/assets/Suggestions/10.png":"9d29a04f1b08355801043704907acf18f0d8c035dea09f9e87e401b8fc6da2a5\r","/assets/Suggestions/1.png":"0434ec68b7822a486361042e7e3bb7650cb8f0f190372f94b05398be09ec3bff\r","/assets/Product/watch2.png":"7fe32492e2eb58c69ad861f6b112770448d1eee343ef9843bec1876b0bc9e493\r","/assets/Product/watch1.png":"a33122661d7d97f3f22aa00faff2df26725bfd2f4e493646fb60a3b36ae601bc\r","/assets/Product/top.png":"201fff36614d9499560229557c0f19ef84a08202669cd2db18c5cbbabb62f229\r","/assets/Product/tee2.png":"6218912608f2d0904d8cfdb671ea13338e68b6dd1d9dde60381a01787968a96b\r","/assets/Product/tee1.png":"a5b39bcbef081abe7d6a024119a33f6330d84f05f1c6b272ed8b05b5b19592ce\r","/assets/Product/tee.png":"27912b036d5eaa0975a844da526c8ab8977d72feb24dc25a82a21a4167c55816\r","/assets/Product/shoe2.png":"4da52754682a243574d86fa0acab1b762f43a3d68943200015209d5427e5e4b5\r","/assets/Product/shoe.png":"b4c5f7b542efcecb7cf4982f3479321e67b389cbaa30fd2049d1f9347525ae38\r","/assets/Product/shoe.jpg":"20b5352ce7822db0191ba51a08e920e63c9048bb1b842f1747e1834c52338892\r","/assets/Product/shirt3.png":"602ee22a58fecac686d241496f001dd36ffdad9b0aaba116e56a3fc8cc60397b\r","/assets/Product/shirt3.jpg":"667dff4a03bc1d09962b75021208914f6b837a9681f330b4ad95859178928c41\r","/assets/Product/shirt2.png":"d47df435fdd11d66b5fe89c07876566d74c060c6a410569521e8ec4a171db6c3\r","/assets/Product/shirt1.png":"cba1168e321a10c2f53f4e54f202f4ce9ae55e20cb25b36fce02179132d71c45\r","/assets/Product/saree.png":"2dc92f04137476c9ef4cb19d7b9ddd01cda4fe9205585483ce49cf519ebb8ab1\r","/assets/Product/saree.jpg":"f2a05b482f62fae09d18b4c46ba445ed642829c9d4379277e236ca62c76d5ebc\r","/assets/Product/rain.png":"99dae3007710fff2c9c773c1373d1a78bc8e366154bd67a879e849662ab67979\r","/assets/Product/hoodie.png":"4b6d02620a2403a03f36b986970e439c69d78cbe84581d2f61b1afb47b93ad87\r","/assets/Product/coat.png":"610fc80009d3a264ee6d8e500e79c187799adba5d95174a7bd66a964c538a022\r","/assets/Product/blazer3.png":"a5528648b18b67fcd33ec33d30c68d2d0df7eff75d5b8749f7501812f889f23b\r","/assets/Product/blazer2.png":"6aaa1f4d4fff6507effcc1211c5d6732ac4d2a9d5fd6315decfa58344fc4f37a\r","/assets/Product/blazer1.png":"29568fbc5b96d084208cadc21d61f1355173162db6234ca0076cd77abaa70e94\r","/assets/Product/bag1.png":"e45a519b4906770edfda4fada58f907abe516ff02db00659a1125ccc972a90d9\r","/assets/images/square4.png":"a33122661d7d97f3f22aa00faff2df26725bfd2f4e493646fb60a3b36ae601bc\r","/assets/images/square27.png":"b25566e615b45fd470a4f7738ea14f27585ec94ce2c79665f21d2c333d6a112a\r","/assets/images/square26.png":"7fe32492e2eb58c69ad861f6b112770448d1eee343ef9843bec1876b0bc9e493\r","/assets/images/square25.png":"e45a519b4906770edfda4fada58f907abe516ff02db00659a1125ccc972a90d9\r","/assets/images/ph-bg6.jpg":"a94deb2ae4f24a3fd1e6a9d5d3499f5f21366ce5875f263f473939f1eedbc344\r","/assets/images/ph-bg5.jpg":"e85a72ec555b8a42104eba2f7b2407023b825ffeac5c94a30f2c3eec1dae9674\r","/assets/images/ph-bg245.jpg":"794ee719c7d6f231f024f92a2d016919ddc6d42a1b8486a25734a01e813193ba\r","/assets/images/ph-bg24.jpg":"5f452050594aa84b848d05d658d811250bcdca628be6ccce2c5211efb1aaef29\r","/assets/images/logo.png":"479e466049f9e3b448fc38c79d210d5012576b805fb0fa918c796d9e6d4d85a5\r","/assets/images/hero.png":"f0a8be5e7294f76e7e673f69cb42b7836a58ffbea0fe130d7dcfcfe41e42e552\r","/assets/images/hero.jpg":"3ef26b099c67cfcc09f3e1699b3b9b31f032b3a1de3920d107d4641adab8aaf5\r","/assets/images/favicon.png":"a773f5be0bc7b1b0eb6727fb83b315a7fcdac93e74253e6f7a6b6a612401e505\r","/assets/images/blazer1.png":"29568fbc5b96d084208cadc21d61f1355173162db6234ca0076cd77abaa70e94\r","/assets/images/bg-hero.jpg":"39eff9bdee72ea2d41e0ff453b6b96d9fe9558c0321d99d960cc0ace50584b3d\r","/assets/images/bg-hero.jpeg":"eb3af005a6d1ead21371c0aab4ef71097c18f351adee066bef44950ff0c76134\r","/assets/images/8.png":"0f34518754eb50e4dc104d9c307c6c934f17d42546e6a3517bb4731696806257\r","/assets/images/7.png":"ddbb6d597192092a2a118c9fab2441d3c6d6472982f511d56d004e962e7f8164\r","/assets/images/6.png":"58258c7b0f6df81200b0361ac806d3aed211e5e779965acc3e9c736185505bc1\r","/assets/images/5.png":"d9dafee77eac210d8c3b016af794cd9a649379a348de69b2fa13000f85ab624d\r","/assets/images/4.png":"a5b39bcbef081abe7d6a024119a33f6330d84f05f1c6b272ed8b05b5b19592ce\r","/assets/images/3.png":"4da52754682a243574d86fa0acab1b762f43a3d68943200015209d5427e5e4b5\r","/assets/images/2.png":"9d91d1e849dfd98372c01667495eeddb8e97c7193424d5531d0517d066f7e770\r","/assets/images/1.png":"c821e542d6de94ff6acfe79352131e2fcfbcc8fb6366b91f6372113a5d250b95\r","/assets/Brand/nike.png":"fbdad9ad0789cb74c486aff6180a02c457c98ddabc85d793d05b78edc290ede8\r","/assets/Brand/logo9.png":"0b6eefd294766d5dc60c42b9fef8bf6b03d049e29fc7a7199d2cb76d8b39da60\r","/assets/Brand/logo19.png":"238d0c856ed182ef2b632d7d6a81f90b716160636e78feeba11cc09249f6dc1a\r","/assets/Brand/logo18.png":"7064705b804e7f039755f8c30883a872208bac2b22821aaddbb324e9db76515c\r","/assets/Brand/logo17.png":"2a480e3fd447ba3c8e9d758be08584d9043a51c946e874076db1fbf789042152\r","/assets/Brand/logo16.png":"f15288961ca0c2a49c80814695788bff316a165c5321987e11abb58805bcad89\r","/assets/Brand/logo15.png":"e5a947b919cf8989439877edc0f67a0f04684503740991097e94d637f927d253\r","/assets/Brand/logo14.png":"b185474f08a0f7b8d09ce3fb0d9fc50ab36d8c8fe41c47bd8fbce2cda2c2fb05\r","/assets/Brand/logo13.png":"f9ce8d55b1652021c804ae355702b4216c0583eb8e5db7938210ca92968317f4\r","/assets/Brand/logo12.png":"8bdd2ecfa8e3d5b7798504d2460a34129c246146ec4a4c5465760624923f4733\r","/assets/Brand/logo11.png":"c8829ce2803e37ea2426a037baadd2870b8dfc7435cf347f30713f91e976077f\r","/index.html":"1ae286e15140d5e54dd6cd06aafb4807d215de99c1d0da9a57055ad3bf1222cb","/models/tiny_face_detector_model/tiny_face_detector_model-weights_manifest.json":"8f617fcc4a51cc872b9dde57ae5f09f44b2db3e59ae68741579bb77660d99a78","/models/age_gender_model/age_gender_model-weights_manifest.json":"9ce3693321592699323e55ba0de9d5b534b2b34efa7b38388f56aedf4033e8bd","/assets/swipe-back-legacy-D9bN1fr3.js":"60f402dd3c86e7690848ff11962f72bb37dd8f61a486c00613583531f15df2ff","/assets/swipe-back-QaGXUFHh.js":"e033f10f32a74c1d37a73f8c61ecd797ef1c25c37bbebe6d3fb4bc227e0fc621","/download (8).jpg":"4f90d81432d86048eeb398f8a113f34d6a103b709e32bb91da7d048d96e9ab9f","/assets/status-tap-legacy-CpalNLPw.js":"ae47050ee757eb676c5a29e06a24abbb02a58b0dc889d50432663bb739f6f909","/assets/status-tap-DqU1S6uM.js":"1532ae93ebf7855957ccc036582f30d3419121af97a9d4ed167810657b06bcb2","/assets/md.transition-legacy-Csxc6VBz.js":"12d125a2c368a1e9a144528dc24a9c932be57174e1817b45fbe85c0256ce203d","/assets/md.transition-BXqFAVab.js":"2944d62ec2f4babc5def16be275ef0cf925ea5003274df4c5b503dd3e4e4bed0","/assets/logo9-yLp6yc7r.png":"0b6eefd294766d5dc60c42b9fef8bf6b03d049e29fc7a7199d2cb76d8b39da60","/assets/logo19-D1mQ3zxs.png":"238d0c856ed182ef2b632d7d6a81f90b716160636e78feeba11cc09249f6dc1a","/assets/logo18-Cu58O27X.png":"7064705b804e7f039755f8c30883a872208bac2b22821aaddbb324e9db76515c","/assets/logo17-Bb0C6qkh.png":"2a480e3fd447ba3c8e9d758be08584d9043a51c946e874076db1fbf789042152","/assets/logo16-gEh4abam.png":"f15288961ca0c2a49c80814695788bff316a165c5321987e11abb58805bcad89","/assets/logo15-MMU9yhDM.png":"e5a947b919cf8989439877edc0f67a0f04684503740991097e94d637f927d253","/assets/logo14-cYQTL9TQ.png":"b185474f08a0f7b8d09ce3fb0d9fc50ab36d8c8fe41c47bd8fbce2cda2c2fb05","/assets/logo13-M4iewdYM.png":"f9ce8d55b1652021c804ae355702b4216c0583eb8e5db7938210ca92968317f4","/assets/logo11-CMbAkL5U.png":"c8829ce2803e37ea2426a037baadd2870b8dfc7435cf347f30713f91e976077f","/assets/keyboard2-legacy-ZoQ2GNp_.js":"d9a1030d08c77aaeb1c8ce66427419ce36fc4c0105c8a90c3e831c3ee04275dc","/assets/keyboard2-B-W4zklD.js":"ff1e594a89aba3982685831ce42383a040be70e53fe0686238fd470b31e3e313","/assets/input-shims-legacy-D79yRtak.js":"d33ddee9a868712d59ec498b85c105a7966539c5fb338e64ce6d769684150c72","/assets/ios.transition-BgEEE9SW.js":"1e4e7c27364df8cb45e45de0eb3e3cdc216265fc21e682fa8c99512ff40f0284","/assets/index9-legacy-BriE03gw.js":"c83dffbc776e2cabaea07ff68d177981128e91a144516b25a124d39cefd16f38","/assets/input-shims-gwq4toKx.js":"92eb9f3b442bbbb159c5f88de2d108a311bbece3e322432ab6268b916310153f","/assets/index9-CoXrwvJ3.js":"e182238834fb2aca880fce62270b7b14338f3bf51a6ae2b10e0a9469eef20847","/assets/index3-legacy-V6T14C82.js":"502d0fbb332d15b817bea891109015d6422b4ee53a4be0328196f6ec8e64ee0c","/assets/index3-BD7lOVUm.js":"9b6e6f8d00b66627be42fd4432ad044cdf474ec62268f0a3888b054225196ecf","/assets/focus-visible-supuXXMI.js":"df9266429356671847fa2c8123e1564bae645f75df3094f0055c365fa2beae28","/assets/focus-visible-legacy-CdO5cX4I.js":"1ab830c9bc00fe087776708c793c9ace932703eb9ff785891b409695436a0f17","/assets/index-BWY7DgrW.css":"bb03547db4d201df2195d23662bdaab23954cfdfd28cadfa35eb14d78b7944f0","/assets/ios.transition-legacy-C2mJFFhm.js":"502933a1b563357d51bbf14d9c65c5694822548e6520a9248c0ec5b409f8145f","/assets/logo12-Dn7y0ZO-.png":"8bdd2ecfa8e3d5b7798504d2460a34129c246146ec4a4c5465760624923f4733","/assets/polyfills-legacy-DtRHm1aB.js":"4e052922eb5e874623ac07519656ab17a6a2087e1774f1c458b353e18683297f","/assets/Product/18.png":"4b3a8972a142381aac4cba94058fe220a98d150535ffe9fb266c5e6679bcfb1a","/assets/Product/15.png":"ab037e5043e83d1cf40b67debc005975a571852345f74314eec6be8507a3987b","/assets/Product/7.png":"fc54ceb9fc955da0f303a59a9c3fbf19c3927ea9a7ef8d77bac302445adaf208","/models/tiny_face_detector_model/tiny_face_detector_model-shard1":"b4d2235875718ec47a243bf95b2e016c64b6ed6fabcad9b8063c1191a39c0fd6","/assets/Product/37.png":"898eff1a170df7ac28bb5ebcafcd0d65f444894f7613ab5a7bfe9fc6eb9a198b","/assets/Product/41.png":"0b7efaffd20327a60a3c775b562d3e96653216f9cb9c71b23937d1190600d34a","/assets/Product/39.png":"423f2af1998e738c6718dd8fa44e6e46135ea57e0a143e3055ba519a1ce8c3b6","/assets/Product/34.png":"feea545e95d9f002c5c6cded6d55288c98a67cb05f299d8a8f099aa6e209b322","/assets/Product/38.png":"9043c1531019cbade27bc4cc80977e1b6213fe2c4ed914ed35c2f90f232ec975","/assets/Product/35.png":"45a7d42ea15012774f578135af5e5c9fc53113db7a773379b258b7d58342a7c9","/assets/Product/40.png":"21e69991a09aabcafd042b8833363f07806d1b870a86d82843548c1ae2e5e034","/assets/Product/36.png":"4fa9b6c4649dd67b2713184be80e630e758314089bbacdd2807547af8b5a07a2","/models/age_gender_model/age_gender_model-shard1":"06988d289f803d3e36d948241b28cecee5c13c4270a05afbf441bc3ee5c0c410","/assets/index-B3xU-2Fl.js":"51fe53cb77bc324151d3766be08dc643865db8bf52020dac3b7949d19a81a433","/assets/index-legacy-4lYZwMTV.js":"5e14e64a69757353fbda3638e9b3e048fcf3c9e589956f6463f1ccb114345917"}}
[debug] [2025-04-29T05:14:42.485Z] <<< [apiv2][status] POST https://firebasehosting.googleapis.com/v1beta1/projects/223849227491/sites/algo-textiles/versions/1b9acfc1d0dd6424:populateFiles 200
[debug] [2025-04-29T05:14:42.486Z] <<< [apiv2][body] POST https://firebasehosting.googleapis.com/v1beta1/projects/223849227491/sites/algo-textiles/versions/1b9acfc1d0dd6424:populateFiles {"uploadRequiredHashes":["b4d2235875718ec47a243bf95b2e016c64b6ed6fabcad9b8063c1191a39c0fd6","2944d62ec2f4babc5def16be275ef0cf925ea5003274df4c5b503dd3e4e4bed0","12d125a2c368a1e9a144528dc24a9c932be57174e1817b45fbe85c0256ce203d","ab037e5043e83d1cf40b67debc005975a571852345f74314eec6be8507a3987b","5e14e64a69757353fbda3638e9b3e048fcf3c9e589956f6463f1ccb114345917","ff1e594a89aba3982685831ce42383a040be70e53fe0686238fd470b31e3e313","d33ddee9a868712d59ec498b85c105a7966539c5fb338e64ce6d769684150c72","60f402dd3c86e7690848ff11962f72bb37dd8f61a486c00613583531f15df2ff","92eb9f3b442bbbb159c5f88de2d108a311bbece3e322432ab6268b916310153f","4f90d81432d86048eeb398f8a113f34d6a103b709e32bb91da7d048d96e9ab9f","1ae286e15140d5e54dd6cd06aafb4807d215de99c1d0da9a57055ad3bf1222cb","502933a1b563357d51bbf14d9c65c5694822548e6520a9248c0ec5b409f8145f","502d0fbb332d15b817bea891109015d6422b4ee53a4be0328196f6ec8e64ee0c","06988d289f803d3e36d948241b28cecee5c13c4270a05afbf441bc3ee5c0c410","9ce3693321592699323e55ba0de9d5b534b2b34efa7b38388f56aedf4033e8bd","8f617fcc4a51cc872b9dde57ae5f09f44b2db3e59ae68741579bb77660d99a78","e182238834fb2aca880fce62270b7b14338f3bf51a6ae2b10e0a9469eef20847","1e4e7c27364df8cb45e45de0eb3e3cdc216265fc21e682fa8c99512ff40f0284","d9a1030d08c77aaeb1c8ce66427419ce36fc4c0105c8a90c3e831c3ee04275dc","51fe53cb77bc324151d3766be08dc643865db8bf52020dac3b7949d19a81a433","bb03547db4d201df2195d23662bdaab23954cfdfd28cadfa35eb14d78b7944f0","ae47050ee757eb676c5a29e06a24abbb02a58b0dc889d50432663bb739f6f909","c83dffbc776e2cabaea07ff68d177981128e91a144516b25a124d39cefd16f38","1532ae93ebf7855957ccc036582f30d3419121af97a9d4ed167810657b06bcb2","9b6e6f8d00b66627be42fd4432ad044cdf474ec62268f0a3888b054225196ecf","e033f10f32a74c1d37a73f8c61ecd797ef1c25c37bbebe6d3fb4bc227e0fc621"],"uploadUrl":"https://upload-firebasehosting.googleapis.com/upload/sites/algo-textiles/versions/1b9acfc1d0dd6424/files"}
[debug] [2025-04-29T05:14:42.489Z] Checked if tokens are valid: true, expires at: 1745907273155
[debug] [2025-04-29T05:14:42.489Z] Checked if tokens are valid: true, expires at: 1745907273155
[debug] [2025-04-29T05:14:42.490Z] Checked if tokens are valid: true, expires at: 1745907273155
[debug] [2025-04-29T05:14:42.491Z] Checked if tokens are valid: true, expires at: 1745907273155
[debug] [2025-04-29T05:14:42.504Z] Checked if tokens are valid: true, expires at: 1745907273155
[debug] [2025-04-29T05:14:42.504Z] Checked if tokens are valid: true, expires at: 1745907273155
[debug] [2025-04-29T05:14:42.505Z] Checked if tokens are valid: true, expires at: 1745907273155
[debug] [2025-04-29T05:14:42.505Z] Checked if tokens are valid: true, expires at: 1745907273155
[debug] [2025-04-29T05:14:42.506Z] Checked if tokens are valid: true, expires at: 1745907273155
[debug] [2025-04-29T05:14:42.507Z] Checked if tokens are valid: true, expires at: 1745907273155
[debug] [2025-04-29T05:14:42.507Z] Checked if tokens are valid: true, expires at: 1745907273155
[debug] [2025-04-29T05:14:42.508Z] Checked if tokens are valid: true, expires at: 1745907273155
[debug] [2025-04-29T05:14:42.517Z] Checked if tokens are valid: true, expires at: 1745907273155
[debug] [2025-04-29T05:14:42.517Z] Checked if tokens are valid: true, expires at: 1745907273155
[debug] [2025-04-29T05:14:42.518Z] Checked if tokens are valid: true, expires at: 1745907273155
[debug] [2025-04-29T05:14:42.519Z] Checked if tokens are valid: true, expires at: 1745907273155
[debug] [2025-04-29T05:14:42.519Z] Checked if tokens are valid: true, expires at: 1745907273155
[debug] [2025-04-29T05:14:42.519Z] Checked if tokens are valid: true, expires at: 1745907273155
[debug] [2025-04-29T05:14:42.520Z] Checked if tokens are valid: true, expires at: 1745907273155
[debug] [2025-04-29T05:14:42.520Z] Checked if tokens are valid: true, expires at: 1745907273155
[debug] [2025-04-29T05:14:42.521Z] Checked if tokens are valid: true, expires at: 1745907273155
[debug] [2025-04-29T05:14:42.533Z] Checked if tokens are valid: true, expires at: 1745907273155
[debug] [2025-04-29T05:14:42.535Z] Checked if tokens are valid: true, expires at: 1745907273155
[debug] [2025-04-29T05:14:42.536Z] Checked if tokens are valid: true, expires at: 1745907273155
[debug] [2025-04-29T05:14:42.537Z] Checked if tokens are valid: true, expires at: 1745907273155
[debug] [2025-04-29T05:14:42.537Z] Checked if tokens are valid: true, expires at: 1745907273155
[debug] [2025-04-29T05:14:42.538Z] Checked if tokens are valid: true, expires at: 1745907273155
[debug] [2025-04-29T05:14:42.538Z] Checked if tokens are valid: true, expires at: 1745907273155
[debug] [2025-04-29T05:14:42.539Z] Checked if tokens are valid: true, expires at: 1745907273155
[debug] [2025-04-29T05:14:42.539Z] Checked if tokens are valid: true, expires at: 1745907273155
[debug] [2025-04-29T05:14:42.540Z] Checked if tokens are valid: true, expires at: 1745907273155
[debug] [2025-04-29T05:14:42.540Z] Checked if tokens are valid: true, expires at: 1745907273155
[debug] [2025-04-29T05:14:42.541Z] Checked if tokens are valid: true, expires at: 1745907273155
[debug] [2025-04-29T05:14:42.547Z] Checked if tokens are valid: true, expires at: 1745907273155
[debug] [2025-04-29T05:14:42.548Z] Checked if tokens are valid: true, expires at: 1745907273155
[debug] [2025-04-29T05:14:42.549Z] Checked if tokens are valid: true, expires at: 1745907273155
[debug] [2025-04-29T05:14:42.550Z] Checked if tokens are valid: true, expires at: 1745907273155
[debug] [2025-04-29T05:14:42.550Z] Checked if tokens are valid: true, expires at: 1745907273155
[debug] [2025-04-29T05:14:42.551Z] Checked if tokens are valid: true, expires at: 1745907273155
[debug] [2025-04-29T05:14:42.551Z] Checked if tokens are valid: true, expires at: 1745907273155
[debug] [2025-04-29T05:14:42.551Z] Checked if tokens are valid: true, expires at: 1745907273155
[debug] [2025-04-29T05:14:42.552Z] Checked if tokens are valid: true, expires at: 1745907273155
[debug] [2025-04-29T05:14:42.552Z] Checked if tokens are valid: true, expires at: 1745907273155
[debug] [2025-04-29T05:14:42.553Z] Checked if tokens are valid: true, expires at: 1745907273155
[debug] [2025-04-29T05:14:42.553Z] Checked if tokens are valid: true, expires at: 1745907273155
[debug] [2025-04-29T05:14:42.553Z] Checked if tokens are valid: true, expires at: 1745907273155
[debug] [2025-04-29T05:14:42.554Z] Checked if tokens are valid: true, expires at: 1745907273155
[debug] [2025-04-29T05:14:42.554Z] Checked if tokens are valid: true, expires at: 1745907273155
[debug] [2025-04-29T05:14:42.555Z] Checked if tokens are valid: true, expires at: 1745907273155
[debug] [2025-04-29T05:14:42.555Z] Checked if tokens are valid: true, expires at: 1745907273155
[debug] [2025-04-29T05:14:42.556Z] Checked if tokens are valid: true, expires at: 1745907273155
[debug] [2025-04-29T05:14:42.556Z] Checked if tokens are valid: true, expires at: 1745907273155
[debug] [2025-04-29T05:14:42.557Z] >>> [apiv2][query] POST https://upload-firebasehosting.googleapis.com/upload/sites/algo-textiles/versions/1b9acfc1d0dd6424/files/b4d2235875718ec47a243bf95b2e016c64b6ed6fabcad9b8063c1191a39c0fd6 [none]
[debug] [2025-04-29T05:14:42.557Z] >>> [apiv2][body] POST https://upload-firebasehosting.googleapis.com/upload/sites/algo-textiles/versions/1b9acfc1d0dd6424/files/b4d2235875718ec47a243bf95b2e016c64b6ed6fabcad9b8063c1191a39c0fd6 [stream]
[debug] [2025-04-29T05:14:42.574Z] >>> [apiv2][query] POST https://upload-firebasehosting.googleapis.com/upload/sites/algo-textiles/versions/1b9acfc1d0dd6424/files/2944d62ec2f4babc5def16be275ef0cf925ea5003274df4c5b503dd3e4e4bed0 [none]
[debug] [2025-04-29T05:14:42.578Z] >>> [apiv2][body] POST https://upload-firebasehosting.googleapis.com/upload/sites/algo-textiles/versions/1b9acfc1d0dd6424/files/2944d62ec2f4babc5def16be275ef0cf925ea5003274df4c5b503dd3e4e4bed0 [stream]
[debug] [2025-04-29T05:14:42.584Z] >>> [apiv2][query] POST https://upload-firebasehosting.googleapis.com/upload/sites/algo-textiles/versions/1b9acfc1d0dd6424/files/12d125a2c368a1e9a144528dc24a9c932be57174e1817b45fbe85c0256ce203d [none]
[debug] [2025-04-29T05:14:42.584Z] >>> [apiv2][body] POST https://upload-firebasehosting.googleapis.com/upload/sites/algo-textiles/versions/1b9acfc1d0dd6424/files/12d125a2c368a1e9a144528dc24a9c932be57174e1817b45fbe85c0256ce203d [stream]
[debug] [2025-04-29T05:14:42.590Z] >>> [apiv2][query] POST https://upload-firebasehosting.googleapis.com/upload/sites/algo-textiles/versions/1b9acfc1d0dd6424/files/ab037e5043e83d1cf40b67debc005975a571852345f74314eec6be8507a3987b [none]
[debug] [2025-04-29T05:14:42.590Z] >>> [apiv2][body] POST https://upload-firebasehosting.googleapis.com/upload/sites/algo-textiles/versions/1b9acfc1d0dd6424/files/ab037e5043e83d1cf40b67debc005975a571852345f74314eec6be8507a3987b [stream]
[debug] [2025-04-29T05:14:42.600Z] >>> [apiv2][query] POST https://upload-firebasehosting.googleapis.com/upload/sites/algo-textiles/versions/1b9acfc1d0dd6424/files/5e14e64a69757353fbda3638e9b3e048fcf3c9e589956f6463f1ccb114345917 [none]
[debug] [2025-04-29T05:14:42.600Z] >>> [apiv2][body] POST https://upload-firebasehosting.googleapis.com/upload/sites/algo-textiles/versions/1b9acfc1d0dd6424/files/5e14e64a69757353fbda3638e9b3e048fcf3c9e589956f6463f1ccb114345917 [stream]
[debug] [2025-04-29T05:14:42.603Z] >>> [apiv2][query] POST https://upload-firebasehosting.googleapis.com/upload/sites/algo-textiles/versions/1b9acfc1d0dd6424/files/ff1e594a89aba3982685831ce42383a040be70e53fe0686238fd470b31e3e313 [none]
[debug] [2025-04-29T05:14:42.603Z] >>> [apiv2][body] POST https://upload-firebasehosting.googleapis.com/upload/sites/algo-textiles/versions/1b9acfc1d0dd6424/files/ff1e594a89aba3982685831ce42383a040be70e53fe0686238fd470b31e3e313 [stream]
[debug] [2025-04-29T05:14:42.606Z] >>> [apiv2][query] POST https://upload-firebasehosting.googleapis.com/upload/sites/algo-textiles/versions/1b9acfc1d0dd6424/files/d33ddee9a868712d59ec498b85c105a7966539c5fb338e64ce6d769684150c72 [none]
[debug] [2025-04-29T05:14:42.607Z] >>> [apiv2][body] POST https://upload-firebasehosting.googleapis.com/upload/sites/algo-textiles/versions/1b9acfc1d0dd6424/files/d33ddee9a868712d59ec498b85c105a7966539c5fb338e64ce6d769684150c72 [stream]
[debug] [2025-04-29T05:14:42.614Z] >>> [apiv2][query] POST https://upload-firebasehosting.googleapis.com/upload/sites/algo-textiles/versions/1b9acfc1d0dd6424/files/60f402dd3c86e7690848ff11962f72bb37dd8f61a486c00613583531f15df2ff [none]
[debug] [2025-04-29T05:14:42.614Z] >>> [apiv2][body] POST https://upload-firebasehosting.googleapis.com/upload/sites/algo-textiles/versions/1b9acfc1d0dd6424/files/60f402dd3c86e7690848ff11962f72bb37dd8f61a486c00613583531f15df2ff [stream]
[debug] [2025-04-29T05:14:42.617Z] >>> [apiv2][query] POST https://upload-firebasehosting.googleapis.com/upload/sites/algo-textiles/versions/1b9acfc1d0dd6424/files/92eb9f3b442bbbb159c5f88de2d108a311bbece3e322432ab6268b916310153f [none]
[debug] [2025-04-29T05:14:42.618Z] >>> [apiv2][body] POST https://upload-firebasehosting.googleapis.com/upload/sites/algo-textiles/versions/1b9acfc1d0dd6424/files/92eb9f3b442bbbb159c5f88de2d108a311bbece3e322432ab6268b916310153f [stream]
[debug] [2025-04-29T05:14:42.620Z] >>> [apiv2][query] POST https://upload-firebasehosting.googleapis.com/upload/sites/algo-textiles/versions/1b9acfc1d0dd6424/files/4f90d81432d86048eeb398f8a113f34d6a103b709e32bb91da7d048d96e9ab9f [none]
[debug] [2025-04-29T05:14:42.621Z] >>> [apiv2][body] POST https://upload-firebasehosting.googleapis.com/upload/sites/algo-textiles/versions/1b9acfc1d0dd6424/files/4f90d81432d86048eeb398f8a113f34d6a103b709e32bb91da7d048d96e9ab9f [stream]
[debug] [2025-04-29T05:14:42.624Z] >>> [apiv2][query] POST https://upload-firebasehosting.googleapis.com/upload/sites/algo-textiles/versions/1b9acfc1d0dd6424/files/1ae286e15140d5e54dd6cd06aafb4807d215de99c1d0da9a57055ad3bf1222cb [none]
[debug] [2025-04-29T05:14:42.624Z] >>> [apiv2][body] POST https://upload-firebasehosting.googleapis.com/upload/sites/algo-textiles/versions/1b9acfc1d0dd6424/files/1ae286e15140d5e54dd6cd06aafb4807d215de99c1d0da9a57055ad3bf1222cb [stream]
[debug] [2025-04-29T05:14:42.648Z] >>> [apiv2][query] POST https://upload-firebasehosting.googleapis.com/upload/sites/algo-textiles/versions/1b9acfc1d0dd6424/files/502933a1b563357d51bbf14d9c65c5694822548e6520a9248c0ec5b409f8145f [none]
[debug] [2025-04-29T05:14:42.649Z] >>> [apiv2][body] POST https://upload-firebasehosting.googleapis.com/upload/sites/algo-textiles/versions/1b9acfc1d0dd6424/files/502933a1b563357d51bbf14d9c65c5694822548e6520a9248c0ec5b409f8145f [stream]
[debug] [2025-04-29T05:14:42.652Z] >>> [apiv2][query] POST https://upload-firebasehosting.googleapis.com/upload/sites/algo-textiles/versions/1b9acfc1d0dd6424/files/502d0fbb332d15b817bea891109015d6422b4ee53a4be0328196f6ec8e64ee0c [none]
[debug] [2025-04-29T05:14:42.652Z] >>> [apiv2][body] POST https://upload-firebasehosting.googleapis.com/upload/sites/algo-textiles/versions/1b9acfc1d0dd6424/files/502d0fbb332d15b817bea891109015d6422b4ee53a4be0328196f6ec8e64ee0c [stream]
[debug] [2025-04-29T05:14:42.655Z] >>> [apiv2][query] POST https://upload-firebasehosting.googleapis.com/upload/sites/algo-textiles/versions/1b9acfc1d0dd6424/files/06988d289f803d3e36d948241b28cecee5c13c4270a05afbf441bc3ee5c0c410 [none]
[debug] [2025-04-29T05:14:42.655Z] >>> [apiv2][body] POST https://upload-firebasehosting.googleapis.com/upload/sites/algo-textiles/versions/1b9acfc1d0dd6424/files/06988d289f803d3e36d948241b28cecee5c13c4270a05afbf441bc3ee5c0c410 [stream]
[debug] [2025-04-29T05:14:42.663Z] >>> [apiv2][query] POST https://upload-firebasehosting.googleapis.com/upload/sites/algo-textiles/versions/1b9acfc1d0dd6424/files/9ce3693321592699323e55ba0de9d5b534b2b34efa7b38388f56aedf4033e8bd [none]
[debug] [2025-04-29T05:14:42.663Z] >>> [apiv2][body] POST https://upload-firebasehosting.googleapis.com/upload/sites/algo-textiles/versions/1b9acfc1d0dd6424/files/9ce3693321592699323e55ba0de9d5b534b2b34efa7b38388f56aedf4033e8bd [stream]
[debug] [2025-04-29T05:14:42.666Z] >>> [apiv2][query] POST https://upload-firebasehosting.googleapis.com/upload/sites/algo-textiles/versions/1b9acfc1d0dd6424/files/8f617fcc4a51cc872b9dde57ae5f09f44b2db3e59ae68741579bb77660d99a78 [none]
[debug] [2025-04-29T05:14:42.666Z] >>> [apiv2][body] POST https://upload-firebasehosting.googleapis.com/upload/sites/algo-textiles/versions/1b9acfc1d0dd6424/files/8f617fcc4a51cc872b9dde57ae5f09f44b2db3e59ae68741579bb77660d99a78 [stream]
[debug] [2025-04-29T05:14:42.669Z] >>> [apiv2][query] POST https://upload-firebasehosting.googleapis.com/upload/sites/algo-textiles/versions/1b9acfc1d0dd6424/files/e182238834fb2aca880fce62270b7b14338f3bf51a6ae2b10e0a9469eef20847 [none]
[debug] [2025-04-29T05:14:42.669Z] >>> [apiv2][body] POST https://upload-firebasehosting.googleapis.com/upload/sites/algo-textiles/versions/1b9acfc1d0dd6424/files/e182238834fb2aca880fce62270b7b14338f3bf51a6ae2b10e0a9469eef20847 [stream]
[debug] [2025-04-29T05:14:42.672Z] >>> [apiv2][query] POST https://upload-firebasehosting.googleapis.com/upload/sites/algo-textiles/versions/1b9acfc1d0dd6424/files/1e4e7c27364df8cb45e45de0eb3e3cdc216265fc21e682fa8c99512ff40f0284 [none]
[debug] [2025-04-29T05:14:42.672Z] >>> [apiv2][body] POST https://upload-firebasehosting.googleapis.com/upload/sites/algo-textiles/versions/1b9acfc1d0dd6424/files/1e4e7c27364df8cb45e45de0eb3e3cdc216265fc21e682fa8c99512ff40f0284 [stream]
[debug] [2025-04-29T05:14:42.679Z] >>> [apiv2][query] POST https://upload-firebasehosting.googleapis.com/upload/sites/algo-textiles/versions/1b9acfc1d0dd6424/files/d9a1030d08c77aaeb1c8ce66427419ce36fc4c0105c8a90c3e831c3ee04275dc [none]
[debug] [2025-04-29T05:14:42.679Z] >>> [apiv2][body] POST https://upload-firebasehosting.googleapis.com/upload/sites/algo-textiles/versions/1b9acfc1d0dd6424/files/d9a1030d08c77aaeb1c8ce66427419ce36fc4c0105c8a90c3e831c3ee04275dc [stream]
[debug] [2025-04-29T05:14:42.682Z] >>> [apiv2][query] POST https://upload-firebasehosting.googleapis.com/upload/sites/algo-textiles/versions/1b9acfc1d0dd6424/files/51fe53cb77bc324151d3766be08dc643865db8bf52020dac3b7949d19a81a433 [none]
[debug] [2025-04-29T05:14:42.682Z] >>> [apiv2][body] POST https://upload-firebasehosting.googleapis.com/upload/sites/algo-textiles/versions/1b9acfc1d0dd6424/files/51fe53cb77bc324151d3766be08dc643865db8bf52020dac3b7949d19a81a433 [stream]
[debug] [2025-04-29T05:14:42.685Z] >>> [apiv2][query] POST https://upload-firebasehosting.googleapis.com/upload/sites/algo-textiles/versions/1b9acfc1d0dd6424/files/bb03547db4d201df2195d23662bdaab23954cfdfd28cadfa35eb14d78b7944f0 [none]
[debug] [2025-04-29T05:14:42.686Z] >>> [apiv2][body] POST https://upload-firebasehosting.googleapis.com/upload/sites/algo-textiles/versions/1b9acfc1d0dd6424/files/bb03547db4d201df2195d23662bdaab23954cfdfd28cadfa35eb14d78b7944f0 [stream]
[debug] [2025-04-29T05:14:42.688Z] >>> [apiv2][query] POST https://upload-firebasehosting.googleapis.com/upload/sites/algo-textiles/versions/1b9acfc1d0dd6424/files/ae47050ee757eb676c5a29e06a24abbb02a58b0dc889d50432663bb739f6f909 [none]
[debug] [2025-04-29T05:14:42.689Z] >>> [apiv2][body] POST https://upload-firebasehosting.googleapis.com/upload/sites/algo-textiles/versions/1b9acfc1d0dd6424/files/ae47050ee757eb676c5a29e06a24abbb02a58b0dc889d50432663bb739f6f909 [stream]
[debug] [2025-04-29T05:14:42.701Z] >>> [apiv2][query] POST https://upload-firebasehosting.googleapis.com/upload/sites/algo-textiles/versions/1b9acfc1d0dd6424/files/c83dffbc776e2cabaea07ff68d177981128e91a144516b25a124d39cefd16f38 [none]
[debug] [2025-04-29T05:14:42.701Z] >>> [apiv2][body] POST https://upload-firebasehosting.googleapis.com/upload/sites/algo-textiles/versions/1b9acfc1d0dd6424/files/c83dffbc776e2cabaea07ff68d177981128e91a144516b25a124d39cefd16f38 [stream]
[debug] [2025-04-29T05:14:42.705Z] >>> [apiv2][query] POST https://upload-firebasehosting.googleapis.com/upload/sites/algo-textiles/versions/1b9acfc1d0dd6424/files/1532ae93ebf7855957ccc036582f30d3419121af97a9d4ed167810657b06bcb2 [none]
[debug] [2025-04-29T05:14:42.705Z] >>> [apiv2][body] POST https://upload-firebasehosting.googleapis.com/upload/sites/algo-textiles/versions/1b9acfc1d0dd6424/files/1532ae93ebf7855957ccc036582f30d3419121af97a9d4ed167810657b06bcb2 [stream]
[debug] [2025-04-29T05:14:42.708Z] >>> [apiv2][query] POST https://upload-firebasehosting.googleapis.com/upload/sites/algo-textiles/versions/1b9acfc1d0dd6424/files/9b6e6f8d00b66627be42fd4432ad044cdf474ec62268f0a3888b054225196ecf [none]
[debug] [2025-04-29T05:14:42.712Z] >>> [apiv2][body] POST https://upload-firebasehosting.googleapis.com/upload/sites/algo-textiles/versions/1b9acfc1d0dd6424/files/9b6e6f8d00b66627be42fd4432ad044cdf474ec62268f0a3888b054225196ecf [stream]
[debug] [2025-04-29T05:14:42.715Z] >>> [apiv2][query] POST https://upload-firebasehosting.googleapis.com/upload/sites/algo-textiles/versions/1b9acfc1d0dd6424/files/e033f10f32a74c1d37a73f8c61ecd797ef1c25c37bbebe6d3fb4bc227e0fc621 [none]
[debug] [2025-04-29T05:14:42.715Z] >>> [apiv2][body] POST https://upload-firebasehosting.googleapis.com/upload/sites/algo-textiles/versions/1b9acfc1d0dd6424/files/e033f10f32a74c1d37a73f8c61ecd797ef1c25c37bbebe6d3fb4bc227e0fc621 [stream]
[debug] [2025-04-29T05:14:42.718Z] [hosting][populate queue][FINAL] {"max":1674,"min":1674,"avg":1674,"active":0,"complete":1,"success":1,"errored":0,"retried":0,"total":1,"elapsed":1836}
[debug] [2025-04-29T05:14:42.718Z] [hosting] uploads queued: 26
[debug] [2025-04-29T05:14:44.884Z] <<< [apiv2][status] POST https://upload-firebasehosting.googleapis.com/upload/sites/algo-textiles/versions/1b9acfc1d0dd6424/files/8f617fcc4a51cc872b9dde57ae5f09f44b2db3e59ae68741579bb77660d99a78 200
[debug] [2025-04-29T05:14:44.885Z] <<< [apiv2][body] POST https://upload-firebasehosting.googleapis.com/upload/sites/algo-textiles/versions/1b9acfc1d0dd6424/files/8f617fcc4a51cc872b9dde57ae5f09f44b2db3e59ae68741579bb77660d99a78 [stream]
[debug] [2025-04-29T05:14:44.974Z] <<< [apiv2][status] POST https://upload-firebasehosting.googleapis.com/upload/sites/algo-textiles/versions/1b9acfc1d0dd6424/files/bb03547db4d201df2195d23662bdaab23954cfdfd28cadfa35eb14d78b7944f0 200
[debug] [2025-04-29T05:14:44.975Z] <<< [apiv2][body] POST https://upload-firebasehosting.googleapis.com/upload/sites/algo-textiles/versions/1b9acfc1d0dd6424/files/bb03547db4d201df2195d23662bdaab23954cfdfd28cadfa35eb14d78b7944f0 [stream]
[debug] [2025-04-29T05:14:44.984Z] <<< [apiv2][status] POST https://upload-firebasehosting.googleapis.com/upload/sites/algo-textiles/versions/1b9acfc1d0dd6424/files/d9a1030d08c77aaeb1c8ce66427419ce36fc4c0105c8a90c3e831c3ee04275dc 200
[debug] [2025-04-29T05:14:44.985Z] <<< [apiv2][body] POST https://upload-firebasehosting.googleapis.com/upload/sites/algo-textiles/versions/1b9acfc1d0dd6424/files/d9a1030d08c77aaeb1c8ce66427419ce36fc4c0105c8a90c3e831c3ee04275dc [stream]
[debug] [2025-04-29T05:14:45.121Z] <<< [apiv2][status] POST https://upload-firebasehosting.googleapis.com/upload/sites/algo-textiles/versions/1b9acfc1d0dd6424/files/1e4e7c27364df8cb45e45de0eb3e3cdc216265fc21e682fa8c99512ff40f0284 200
[debug] [2025-04-29T05:14:45.122Z] <<< [apiv2][body] POST https://upload-firebasehosting.googleapis.com/upload/sites/algo-textiles/versions/1b9acfc1d0dd6424/files/1e4e7c27364df8cb45e45de0eb3e3cdc216265fc21e682fa8c99512ff40f0284 [stream]
[debug] [2025-04-29T05:14:45.299Z] <<< [apiv2][status] POST https://upload-firebasehosting.googleapis.com/upload/sites/algo-textiles/versions/1b9acfc1d0dd6424/files/9ce3693321592699323e55ba0de9d5b534b2b34efa7b38388f56aedf4033e8bd 200
[debug] [2025-04-29T05:14:45.299Z] <<< [apiv2][body] POST https://upload-firebasehosting.googleapis.com/upload/sites/algo-textiles/versions/1b9acfc1d0dd6424/files/9ce3693321592699323e55ba0de9d5b534b2b34efa7b38388f56aedf4033e8bd [stream]
[debug] [2025-04-29T05:14:45.301Z] <<< [apiv2][status] POST https://upload-firebasehosting.googleapis.com/upload/sites/algo-textiles/versions/1b9acfc1d0dd6424/files/2944d62ec2f4babc5def16be275ef0cf925ea5003274df4c5b503dd3e4e4bed0 200
[debug] [2025-04-29T05:14:45.301Z] <<< [apiv2][body] POST https://upload-firebasehosting.googleapis.com/upload/sites/algo-textiles/versions/1b9acfc1d0dd6424/files/2944d62ec2f4babc5def16be275ef0cf925ea5003274df4c5b503dd3e4e4bed0 [stream]
[debug] [2025-04-29T05:14:45.389Z] <<< [apiv2][status] POST https://upload-firebasehosting.googleapis.com/upload/sites/algo-textiles/versions/1b9acfc1d0dd6424/files/1532ae93ebf7855957ccc036582f30d3419121af97a9d4ed167810657b06bcb2 200
[debug] [2025-04-29T05:14:45.389Z] <<< [apiv2][body] POST https://upload-firebasehosting.googleapis.com/upload/sites/algo-textiles/versions/1b9acfc1d0dd6424/files/1532ae93ebf7855957ccc036582f30d3419121af97a9d4ed167810657b06bcb2 [stream]
[debug] [2025-04-29T05:14:45.391Z] <<< [apiv2][status] POST https://upload-firebasehosting.googleapis.com/upload/sites/algo-textiles/versions/1b9acfc1d0dd6424/files/4f90d81432d86048eeb398f8a113f34d6a103b709e32bb91da7d048d96e9ab9f 200
[debug] [2025-04-29T05:14:45.391Z] <<< [apiv2][body] POST https://upload-firebasehosting.googleapis.com/upload/sites/algo-textiles/versions/1b9acfc1d0dd6424/files/4f90d81432d86048eeb398f8a113f34d6a103b709e32bb91da7d048d96e9ab9f [stream]
[debug] [2025-04-29T05:14:45.487Z] <<< [apiv2][status] POST https://upload-firebasehosting.googleapis.com/upload/sites/algo-textiles/versions/1b9acfc1d0dd6424/files/60f402dd3c86e7690848ff11962f72bb37dd8f61a486c00613583531f15df2ff 200
[debug] [2025-04-29T05:14:45.488Z] <<< [apiv2][body] POST https://upload-firebasehosting.googleapis.com/upload/sites/algo-textiles/versions/1b9acfc1d0dd6424/files/60f402dd3c86e7690848ff11962f72bb37dd8f61a486c00613583531f15df2ff [stream]
[debug] [2025-04-29T05:14:45.492Z] <<< [apiv2][status] POST https://upload-firebasehosting.googleapis.com/upload/sites/algo-textiles/versions/1b9acfc1d0dd6424/files/e182238834fb2aca880fce62270b7b14338f3bf51a6ae2b10e0a9469eef20847 200
[debug] [2025-04-29T05:14:45.492Z] <<< [apiv2][body] POST https://upload-firebasehosting.googleapis.com/upload/sites/algo-textiles/versions/1b9acfc1d0dd6424/files/e182238834fb2aca880fce62270b7b14338f3bf51a6ae2b10e0a9469eef20847 [stream]
[debug] [2025-04-29T05:14:45.525Z] <<< [apiv2][status] POST https://upload-firebasehosting.googleapis.com/upload/sites/algo-textiles/versions/1b9acfc1d0dd6424/files/502d0fbb332d15b817bea891109015d6422b4ee53a4be0328196f6ec8e64ee0c 200
[debug] [2025-04-29T05:14:45.525Z] <<< [apiv2][body] POST https://upload-firebasehosting.googleapis.com/upload/sites/algo-textiles/versions/1b9acfc1d0dd6424/files/502d0fbb332d15b817bea891109015d6422b4ee53a4be0328196f6ec8e64ee0c [stream]
[debug] [2025-04-29T05:14:45.535Z] <<< [apiv2][status] POST https://upload-firebasehosting.googleapis.com/upload/sites/algo-textiles/versions/1b9acfc1d0dd6424/files/ff1e594a89aba3982685831ce42383a040be70e53fe0686238fd470b31e3e313 200
[debug] [2025-04-29T05:14:45.535Z] <<< [apiv2][body] POST https://upload-firebasehosting.googleapis.com/upload/sites/algo-textiles/versions/1b9acfc1d0dd6424/files/ff1e594a89aba3982685831ce42383a040be70e53fe0686238fd470b31e3e313 [stream]
[debug] [2025-04-29T05:14:45.548Z] <<< [apiv2][status] POST https://upload-firebasehosting.googleapis.com/upload/sites/algo-textiles/versions/1b9acfc1d0dd6424/files/12d125a2c368a1e9a144528dc24a9c932be57174e1817b45fbe85c0256ce203d 200
[debug] [2025-04-29T05:14:45.549Z] <<< [apiv2][body] POST https://upload-firebasehosting.googleapis.com/upload/sites/algo-textiles/versions/1b9acfc1d0dd6424/files/12d125a2c368a1e9a144528dc24a9c932be57174e1817b45fbe85c0256ce203d [stream]
[debug] [2025-04-29T05:14:45.550Z] <<< [apiv2][status] POST https://upload-firebasehosting.googleapis.com/upload/sites/algo-textiles/versions/1b9acfc1d0dd6424/files/502933a1b563357d51bbf14d9c65c5694822548e6520a9248c0ec5b409f8145f 200
[debug] [2025-04-29T05:14:45.551Z] <<< [apiv2][body] POST https://upload-firebasehosting.googleapis.com/upload/sites/algo-textiles/versions/1b9acfc1d0dd6424/files/502933a1b563357d51bbf14d9c65c5694822548e6520a9248c0ec5b409f8145f [stream]
[debug] [2025-04-29T05:14:45.567Z] <<< [apiv2][status] POST https://upload-firebasehosting.googleapis.com/upload/sites/algo-textiles/versions/1b9acfc1d0dd6424/files/92eb9f3b442bbbb159c5f88de2d108a311bbece3e322432ab6268b916310153f 200
[debug] [2025-04-29T05:14:45.567Z] <<< [apiv2][body] POST https://upload-firebasehosting.googleapis.com/upload/sites/algo-textiles/versions/1b9acfc1d0dd6424/files/92eb9f3b442bbbb159c5f88de2d108a311bbece3e322432ab6268b916310153f [stream]
[debug] [2025-04-29T05:14:45.602Z] <<< [apiv2][status] POST https://upload-firebasehosting.googleapis.com/upload/sites/algo-textiles/versions/1b9acfc1d0dd6424/files/b4d2235875718ec47a243bf95b2e016c64b6ed6fabcad9b8063c1191a39c0fd6 200
[debug] [2025-04-29T05:14:45.603Z] <<< [apiv2][body] POST https://upload-firebasehosting.googleapis.com/upload/sites/algo-textiles/versions/1b9acfc1d0dd6424/files/b4d2235875718ec47a243bf95b2e016c64b6ed6fabcad9b8063c1191a39c0fd6 [stream]
[debug] [2025-04-29T05:14:45.605Z] <<< [apiv2][status] POST https://upload-firebasehosting.googleapis.com/upload/sites/algo-textiles/versions/1b9acfc1d0dd6424/files/d33ddee9a868712d59ec498b85c105a7966539c5fb338e64ce6d769684150c72 200
[debug] [2025-04-29T05:14:45.605Z] <<< [apiv2][body] POST https://upload-firebasehosting.googleapis.com/upload/sites/algo-textiles/versions/1b9acfc1d0dd6424/files/d33ddee9a868712d59ec498b85c105a7966539c5fb338e64ce6d769684150c72 [stream]
[debug] [2025-04-29T05:14:45.835Z] <<< [apiv2][status] POST https://upload-firebasehosting.googleapis.com/upload/sites/algo-textiles/versions/1b9acfc1d0dd6424/files/ab037e5043e83d1cf40b67debc005975a571852345f74314eec6be8507a3987b 200
[debug] [2025-04-29T05:14:45.836Z] <<< [apiv2][body] POST https://upload-firebasehosting.googleapis.com/upload/sites/algo-textiles/versions/1b9acfc1d0dd6424/files/ab037e5043e83d1cf40b67debc005975a571852345f74314eec6be8507a3987b [stream]
[debug] [2025-04-29T05:14:45.838Z] <<< [apiv2][status] POST https://upload-firebasehosting.googleapis.com/upload/sites/algo-textiles/versions/1b9acfc1d0dd6424/files/1ae286e15140d5e54dd6cd06aafb4807d215de99c1d0da9a57055ad3bf1222cb 200
[debug] [2025-04-29T05:14:45.838Z] <<< [apiv2][body] POST https://upload-firebasehosting.googleapis.com/upload/sites/algo-textiles/versions/1b9acfc1d0dd6424/files/1ae286e15140d5e54dd6cd06aafb4807d215de99c1d0da9a57055ad3bf1222cb [stream]
[debug] [2025-04-29T05:14:46.040Z] <<< [apiv2][status] POST https://upload-firebasehosting.googleapis.com/upload/sites/algo-textiles/versions/1b9acfc1d0dd6424/files/9b6e6f8d00b66627be42fd4432ad044cdf474ec62268f0a3888b054225196ecf 200
[debug] [2025-04-29T05:14:46.041Z] <<< [apiv2][body] POST https://upload-firebasehosting.googleapis.com/upload/sites/algo-textiles/versions/1b9acfc1d0dd6424/files/9b6e6f8d00b66627be42fd4432ad044cdf474ec62268f0a3888b054225196ecf [stream]
[debug] [2025-04-29T05:14:46.346Z] <<< [apiv2][status] POST https://upload-firebasehosting.googleapis.com/upload/sites/algo-textiles/versions/1b9acfc1d0dd6424/files/06988d289f803d3e36d948241b28cecee5c13c4270a05afbf441bc3ee5c0c410 200
[debug] [2025-04-29T05:14:46.347Z] <<< [apiv2][body] POST https://upload-firebasehosting.googleapis.com/upload/sites/algo-textiles/versions/1b9acfc1d0dd6424/files/06988d289f803d3e36d948241b28cecee5c13c4270a05afbf441bc3ee5c0c410 [stream]
[debug] [2025-04-29T05:14:46.996Z] <<< [apiv2][status] POST https://upload-firebasehosting.googleapis.com/upload/sites/algo-textiles/versions/1b9acfc1d0dd6424/files/5e14e64a69757353fbda3638e9b3e048fcf3c9e589956f6463f1ccb114345917 200
[debug] [2025-04-29T05:14:46.997Z] <<< [apiv2][body] POST https://upload-firebasehosting.googleapis.com/upload/sites/algo-textiles/versions/1b9acfc1d0dd6424/files/5e14e64a69757353fbda3638e9b3e048fcf3c9e589956f6463f1ccb114345917 [stream]
[debug] [2025-04-29T05:14:47.213Z] <<< [apiv2][status] POST https://upload-firebasehosting.googleapis.com/upload/sites/algo-textiles/versions/1b9acfc1d0dd6424/files/51fe53cb77bc324151d3766be08dc643865db8bf52020dac3b7949d19a81a433 200
[debug] [2025-04-29T05:14:47.214Z] <<< [apiv2][body] POST https://upload-firebasehosting.googleapis.com/upload/sites/algo-textiles/versions/1b9acfc1d0dd6424/files/51fe53cb77bc324151d3766be08dc643865db8bf52020dac3b7949d19a81a433 [stream]
[debug] [2025-04-29T05:14:48.633Z] <<< [apiv2][status] POST https://upload-firebasehosting.googleapis.com/upload/sites/algo-textiles/versions/1b9acfc1d0dd6424/files/e033f10f32a74c1d37a73f8c61ecd797ef1c25c37bbebe6d3fb4bc227e0fc621 200
[debug] [2025-04-29T05:14:48.633Z] <<< [apiv2][body] POST https://upload-firebasehosting.googleapis.com/upload/sites/algo-textiles/versions/1b9acfc1d0dd6424/files/e033f10f32a74c1d37a73f8c61ecd797ef1c25c37bbebe6d3fb4bc227e0fc621 [stream]
[debug] [2025-04-29T05:14:48.914Z] <<< [apiv2][status] POST https://upload-firebasehosting.googleapis.com/upload/sites/algo-textiles/versions/1b9acfc1d0dd6424/files/c83dffbc776e2cabaea07ff68d177981128e91a144516b25a124d39cefd16f38 200
[debug] [2025-04-29T05:14:48.915Z] <<< [apiv2][body] POST https://upload-firebasehosting.googleapis.com/upload/sites/algo-textiles/versions/1b9acfc1d0dd6424/files/c83dffbc776e2cabaea07ff68d177981128e91a144516b25a124d39cefd16f38 [stream]
[debug] [2025-04-29T05:14:50.051Z] <<< [apiv2][status] POST https://upload-firebasehosting.googleapis.com/upload/sites/algo-textiles/versions/1b9acfc1d0dd6424/files/ae47050ee757eb676c5a29e06a24abbb02a58b0dc889d50432663bb739f6f909 200
[debug] [2025-04-29T05:14:50.052Z] <<< [apiv2][body] POST https://upload-firebasehosting.googleapis.com/upload/sites/algo-textiles/versions/1b9acfc1d0dd6424/files/ae47050ee757eb676c5a29e06a24abbb02a58b0dc889d50432663bb739f6f909 [stream]
[debug] [2025-04-29T05:14:50.053Z] [hosting][upload queue][FINAL] {"max":7501,"min":2347,"avg":3515.3076923076924,"active":0,"complete":26,"success":26,"errored":0,"retried":0,"total":26,"elapsed":7566}
[info] +  hosting[algo-textiles]: file upload complete 
[debug] [2025-04-29T05:14:50.069Z] [hosting] deploy completed after 10385ms
[debug] [2025-04-29T05:14:50.070Z] [
  {
    "config": {
      "public": "dist",
      "ignore": [
        "firebase.json",
        "**/.*",
        "**/node_modules/**"
      ],
      "rewrites": [
        {
          "source": "**",
          "destination": "/index.html"
        }
      ],
      "site": "algo-textiles"
    },
    "version": "projects/223849227491/sites/algo-textiles/versions/1b9acfc1d0dd6424"
  }
]
[info] i  hosting[algo-textiles]: finalizing version... 
[debug] [2025-04-29T05:14:50.092Z] Checked if tokens are valid: true, expires at: 1745907273155
[debug] [2025-04-29T05:14:50.092Z] Checked if tokens are valid: true, expires at: 1745907273155
[debug] [2025-04-29T05:14:50.093Z] >>> [apiv2][query] PATCH https://firebasehosting.googleapis.com/v1beta1/projects/-/sites/algo-textiles/versions/1b9acfc1d0dd6424 updateMask=status%2Cconfig
[debug] [2025-04-29T05:14:50.093Z] >>> [apiv2][body] PATCH https://firebasehosting.googleapis.com/v1beta1/projects/-/sites/algo-textiles/versions/1b9acfc1d0dd6424 {"status":"FINALIZED","config":{"rewrites":[{"glob":"**","path":"/index.html"}]}}
[debug] [2025-04-29T05:14:55.067Z] <<< [apiv2][status] PATCH https://firebasehosting.googleapis.com/v1beta1/projects/-/sites/algo-textiles/versions/1b9acfc1d0dd6424 200
[debug] [2025-04-29T05:14:55.067Z] <<< [apiv2][body] PATCH https://firebasehosting.googleapis.com/v1beta1/projects/-/sites/algo-textiles/versions/1b9acfc1d0dd6424 {"name":"projects/223849227491/sites/algo-textiles/versions/1b9acfc1d0dd6424","status":"FINALIZED","config":{"rewrites":[{"glob":"**","path":"/index.html"}]},"labels":{"deployment-tool":"cli-firebase"},"createTime":"2025-04-29T05:14:39.595562Z","createUser":{"email":"textileproject73@gmail.com"},"finalizeTime":"2025-04-29T05:14:55.233884Z","finalizeUser":{"email":"textileproject73@gmail.com"}}
[debug] [2025-04-29T05:14:55.067Z] [hosting] finalized version for algo-textiles:[object Object]
[info] +  hosting[algo-textiles]: version finalized 
[info] i  hosting[algo-textiles]: releasing new version... 
[debug] [2025-04-29T05:14:55.071Z] Checked if tokens are valid: true, expires at: 1745907273155
[debug] [2025-04-29T05:14:55.071Z] Checked if tokens are valid: true, expires at: 1745907273155
[debug] [2025-04-29T05:14:55.071Z] >>> [apiv2][query] POST https://firebasehosting.googleapis.com/v1beta1/projects/-/sites/algo-textiles/channels/live/releases versionName=projects%2F223849227491%2Fsites%2Falgo-textiles%2Fversions%2F1b9acfc1d0dd6424
[debug] [2025-04-29T05:14:55.072Z] >>> [apiv2][body] POST https://firebasehosting.googleapis.com/v1beta1/projects/-/sites/algo-textiles/channels/live/releases {}
[debug] [2025-04-29T05:14:55.678Z] <<< [apiv2][status] POST https://firebasehosting.googleapis.com/v1beta1/projects/-/sites/algo-textiles/channels/live/releases 200
[debug] [2025-04-29T05:14:55.678Z] <<< [apiv2][body] POST https://firebasehosting.googleapis.com/v1beta1/projects/-/sites/algo-textiles/channels/live/releases {"name":"projects/223849227491/sites/algo-textiles/channels/live/releases/1745903695278000","version":{"name":"projects/223849227491/sites/algo-textiles/versions/1b9acfc1d0dd6424","status":"FINALIZED","config":{"rewrites":[{"glob":"**","path":"/index.html"}]},"labels":{"deployment-tool":"cli-firebase"},"createTime":"2025-04-29T05:14:39.595562Z","createUser":{"email":"textileproject73@gmail.com","imageUrl":"https://lh3.googleusercontent.com/a/ACg8ocJbfxbixdsctBVx1U5v5s1dveB-HtxVhQqjfCLWbqx6vqwkQA=mo"},"finalizeTime":"2025-04-29T05:14:55.233884Z","finalizeUser":{"email":"textileproject73@gmail.com","imageUrl":"https://lh3.googleusercontent.com/a/ACg8ocJbfxbixdsctBVx1U5v5s1dveB-HtxVhQqjfCLWbqx6vqwkQA=mo"}},"type":"DEPLOY","releaseTime":"2025-04-29T05:14:55.278Z","releaseUser":{"email":"textileproject73@gmail.com","imageUrl":"https://lh3.googleusercontent.com/a/ACg8ocJbfxbixdsctBVx1U5v5s1dveB-HtxVhQqjfCLWbqx6vqwkQA=mo"}}
[debug] [2025-04-29T05:14:55.678Z] [hosting] release: {"name":"projects/223849227491/sites/algo-textiles/channels/live/releases/1745903695278000","version":{"name":"projects/223849227491/sites/algo-textiles/versions/1b9acfc1d0dd6424","status":"FINALIZED","config":{"rewrites":[{"glob":"**","path":"/index.html"}]},"labels":{"deployment-tool":"cli-firebase"},"createTime":"2025-04-29T05:14:39.595562Z","createUser":{"email":"textileproject73@gmail.com","imageUrl":"https://lh3.googleusercontent.com/a/ACg8ocJbfxbixdsctBVx1U5v5s1dveB-HtxVhQqjfCLWbqx6vqwkQA=mo"},"finalizeTime":"2025-04-29T05:14:55.233884Z","finalizeUser":{"email":"textileproject73@gmail.com","imageUrl":"https://lh3.googleusercontent.com/a/ACg8ocJbfxbixdsctBVx1U5v5s1dveB-HtxVhQqjfCLWbqx6vqwkQA=mo"}},"type":"DEPLOY","releaseTime":"2025-04-29T05:14:55.278Z","releaseUser":{"email":"textileproject73@gmail.com","imageUrl":"https://lh3.googleusercontent.com/a/ACg8ocJbfxbixdsctBVx1U5v5s1dveB-HtxVhQqjfCLWbqx6vqwkQA=mo"}}
[info] +  hosting[algo-textiles]: release complete 
[info] 
[info] +  Deploy complete! 
[info] 
[info] Project Console: https://console.firebase.google.com/project/algo-textiles/overview
[info] Hosting URL: https://algo-textiles.web.app
[debug] [2025-04-29T05:15:15.964Z] Error: Timed out.
    at Timeout._onTimeout (C:\Users\admin\AppData\Roaming\npm\node_modules\firebase-tools\lib\utils.js:269:49)
    at listOnTimeout (node:internal/timers:594:17)
    at process.processTimers (node:internal/timers:529:7)
[error] 
[error] Error: An unexpected error has occurred.
